
> reformerpilatesmalta@0.1.0 build
> next build

  ▲ Next.js 14.2.8

   Creating an optimized production build ...
 ✓ Compiled successfully
   Linting and checking validity of types ...

./app/components/FileUploadInput.tsx
39:29  Warning: Using `<img>` could result in slower LCP and higher bandwidth. Consider using `<Image />` from `next/image` to automatically optimize images. This may incur additional usage or cost from your provider. See: https://nextjs.org/docs/messages/no-img-element  @next/next/no-img-element

info  - Need to disable some ESLint rules? Learn more here: https://nextjs.org/docs/basic-features/eslint#disabling-rules
   Collecting page data ...
   Generating static pages (0/6) ...
 ⚠ metadataBase property in metadata export is not set for resolving social open graph or twitter images, using "http://localhost:3000". See https://nextjs.org/docs/app/api-reference/functions/generate-metadata#metadatabase
   Generating static pages (1/6) 
 ⚠ metadataBase property in metadata export is not set for resolving social open graph or twitter images, using "http://localhost:3000". See https://nextjs.org/docs/app/api-reference/functions/generate-metadata#metadatabase
   Generating static pages (2/6) 
   Generating static pages (4/6) 
 ✓ Generating static pages (6/6)
   Finalizing page optimization ...
   Collecting build traces ...

Route (app)                              Size     First Load JS
┌ ○ /                                    143 kB          230 kB
├ ○ /_not-found                          871 B          88.3 kB
├ ○ /robots.txt                          0 B                0 B
└ ○ /sitemap.xml                         0 B                0 B
+ First Load JS shared by all            87.4 kB
  ├ chunks/23-a5d84cf703a2a1d1.js        31.6 kB
  ├ chunks/fd9d1056-201aad13ff78444e.js  53.6 kB
  └ other shared chunks (total)          2.22 kB


○  (Static)  prerendered as static content

